../Core/Src/drone_control.c:42:13:ShortDelay	8	static,ignoring_inline_asm
../Core/Src/drone_control.c:55:6:IMU_Filter	16	static
../Core/Src/drone_control.c:75:6:Debug_Send	8	static
../Core/Src/drone_control.c:80:6:IMU_UpdateAverage	12	static
../Core/Src/drone_control.c:127:7:PID_Update	0	static
../Core/Src/drone_control.c:136:6:SoftStartPWM	0	static
../Core/Src/drone_control.c:162:6:UpdatePWM	24	static
../Core/Src/drone_control.c:175:6:HAL_GPIO_EXTI_Callback	8	static
../Core/Src/drone_control.c:189:6:I2C_ResetBus	48	static
