../Core/Src/main.c:104:6:Debug_Send	8	static
../Core/Src/main.c:515:6:IMU_UpdateAverage	12	static
../Core/Src/main.c:565:6:SoftStartPWM	4	static
../Core/Src/main.c:583:6:UpdatePWM	24	static
../Core/Src/main.c:598:6:HAL_GPIO_EXTI_Callback	8	static
../Core/Src/main.c:622:6:Error_Handler	8	static,ignoring_inline_asm
../Core/Src/main.c:277:13:MX_I2C1_Init	8	static
../Core/Src/main.c:490:6:I2C_ResetBus	48	static
../Core/Src/main.c:229:6:SystemClock_Config	88	static
../Core/Src/main.c:114:5:main	120	static
